app/(os)/bus-monitor.tsx(21,33): error TS2307: Cannot find module '@/hooks/use-messaging-bus' or its corresponding type declarations.
app/(os)/documents/preview.tsx(107,11): error TS2607: JSX element class does not support attributes because it does not have a 'props' property.
app/(os)/documents/preview.tsx(107,12): error TS2786: 'Image' cannot be used as a JSX component.
  Its type 'new (width?: number, height?: number) => HTMLImageElement' is not a valid JSX element type.
    Type 'new (width?: number, height?: number) => HTMLImageElement' is not assignable to type 'new (props: any, deprecatedLegacyContext?: any) => Component<any, any, any>'.
      Type 'HTMLImageElement' is missing the following properties from type 'Component<any, any, any>': context, setState, forceUpdate, render, and 3 more.
app/(os)/gallery/editor.tsx(4,22): error TS2305: Module '"react-native"' has no exported member 'Slider'.
app/(os)/notifications.tsx(23,10): error TS2305: Module '"@/lib/kernel/notification-engine"' has no exported member 'useNotification'.
app/(os)/notifications.tsx(24,10): error TS2305: Module '"@/lib/stores/auth-store"' has no exported member 'useAuth'.
app/(os)/scheduler.tsx(40,30): error TS2307: Cannot find module '@/hooks/use-scheduler' or its corresponding type declarations.
app/(os)/scheduler.tsx(41,49): error TS2307: Cannot find module '../../kernel/scheduler-engine' or its corresponding type declarations.
app/(os)/settings/installed-apps.tsx(108,10): error TS2304: Cannot find name 'Switch'.
app/(os)/settings/notifications.tsx(18,10): error TS2305: Module '"@/lib/stores/auth-store"' has no exported member 'useAuth'.
app/(os)/settings/permissions.tsx(42,30): error TS2551: Property 'getCameraPermissionsAsync' does not exist on type 'typeof import("/home/kevin-nyasani/MTAA_OS_V10/node_modules/expo-camera/build/index")'. Did you mean 'useCameraPermissions'?
app/(os)/settings/permissions.tsx(69,31): error TS2551: Property 'requestCameraPermissionsAsync' does not exist on type 'typeof import("/home/kevin-nyasani/MTAA_OS_V10/node_modules/expo-camera/build/index")'. Did you mean 'useCameraPermissions'?
app/(os)/settings/profile.tsx(1,1): error TS2304: Cannot find name 'kkkkk'.
app/(os)/settings/storage.tsx(27,22): error TS2339: Property 'size' does not exist on type 'FileInfo'.
  Property 'size' does not exist on type '{ exists: false; uri: string; isDirectory: false; }'.
app/(os)/settings/storage.tsx(34,24): error TS2339: Property 'size' does not exist on type 'FileInfo'.
  Property 'size' does not exist on type '{ exists: false; uri: string; isDirectory: false; }'.
app/(os)/system-status.tsx(7,39): error TS2307: Cannot find module '@/components/system/SystemHealthDashboard' or its corresponding type declarations.
components/mtruck/maps/live-fleet-map.native.tsx(2,33): error TS2307: Cannot find module 'react-native-maps' or its corresponding type declarations.
components/system/OSLauncherGrid.tsx(45,33): error TS2739: Type '{ id: string; name: string; domain: string; icon: string; color: string; systemApp: boolean; }' is missing the following properties from type 'AppManifest': version, entryPoint
components/system/SplashScreen.tsx(74,52): error TS2769: No overload matches this call.
  Overload 1 of 2, '(props: ViewProps): View', gave the following error.
    Type '{ width: string; }' is not assignable to type 'ViewStyle | Falsy | RegisteredStyle<ViewStyle> | RecursiveArray<ViewStyle | Falsy | RegisteredStyle<ViewStyle>> | readonly (ViewStyle | ... 1 more ... | RegisteredStyle<...>)[]'.
      Types of property 'width' are incompatible.
        Type 'string' is not assignable to type 'DimensionValue'.
  Overload 2 of 2, '(props: ViewProps, context: any): View', gave the following error.
    Type '{ width: string; }' is not assignable to type 'ViewStyle | Falsy | RegisteredStyle<ViewStyle> | RecursiveArray<ViewStyle | Falsy | RegisteredStyle<ViewStyle>> | readonly (ViewStyle | ... 1 more ... | RegisteredStyle<...>)[]'.
      Types of property 'width' are incompatible.
        Type 'string' is not assignable to type 'DimensionValue'.
hooks/use-notification.ts(14,8): error TS2307: Cannot find module '../kernel/notification-engine' or its corresponding type declarations.
lib/api/command.ts(40,14): error TS2339: Property 'select' does not exist on type 'SupabaseClient<any, "public", "public", any, any>'.
lib/command/command-centre-provider.tsx(5,11): error TS2339: Property 'loadModules' does not exist on type '{}'.
lib/credit/history/user-credit-history.ts(5,6): error TS2339: Property 'select' does not exist on type 'SupabaseClient<any, "public", "public", any, any>'.
lib/kernel/lifecycle/bootstrap.ts(20,7): error TS2554: Expected 0-1 arguments, but got 2.
lib/kernel/orchestration/master-loop.ts(26,7): error TS2554: Expected 0 arguments, but got 1.
lib/mtruck/core/mtruck-economy-loop.ts(15,30): error TS2339: Property 'length' does not exist on type '{ dispatched: number; matched: any[]; matches: any[]; control: { decision: string; }; payload: any; }'.
lib/mtruck/core/mtruck-platform-bridge.ts(21,29): error TS2554: Expected 0 arguments, but got 1.
